// Jest Snapshot v1, https://goo.gl/fbAQLP

exports[`<App /> matches the snapshot 1`] = `
<App>
  <div>
    <Navbar>
      <nav
        className="navbar navbar-expand-lg navbar-dark bg-dark"
      >
        <styled.a
          className="navbar-brand ml-2"
          href="#"
        >
          <StyledComponent
            className="navbar-brand ml-2"
            forwardedComponent={
              Object {
                "$$typeof": Symbol(react.forward_ref),
                "attrs": Array [],
                "componentStyle": ComponentStyle {
                  "componentId": "sc-bdVaJa",
                  "isStatic": true,
                  "lastClassName": "buxIHh",
                  "rules": Array [
                    "
  font-family: comfortaa, helvetica;
  font-size: 26px !important;
",
                  ],
                },
                "displayName": "styled.a",
                "foldedComponentIds": Array [],
                "render": [Function],
                "styledComponentId": "sc-bdVaJa",
                "target": "a",
                "toString": [Function],
                "warnTooManyClasses": [Function],
                "withComponent": [Function],
              }
            }
            forwardedRef={null}
            href="#"
          >
            <a
              className="navbar-brand ml-2 sc-bdVaJa buxIHh"
              href="#"
            >
              Ben Grunfeld
            </a>
          </StyledComponent>
        </styled.a>
        <button
          aria-controls="navbarSupportedContent"
          aria-expanded="false"
          aria-label="Toggle navigation"
          className="navbar-toggler"
          data-target="#navbarSupportedContent"
          data-toggle="collapse"
          type="button"
        >
          <span
            className="navbar-toggler-icon"
          />
        </button>
        <div
          className="collapse navbar-collapse"
          id="navbarSupportedContent"
        >
          <ul
            className="navbar-nav mr-auto d-lg-none"
          >
            <li
              className="nav-item active"
            >
              <a
                className="nav-link"
                href="#"
              >
                Home 
                <span
                  className="sr-only"
                >
                  (current)
                </span>
              </a>
            </li>
            <li
              className="nav-item"
            >
              <a
                className="nav-link"
                href="#"
              >
                Link
              </a>
            </li>
            <li
              className="nav-item dropdown"
            >
              <a
                aria-expanded="false"
                aria-haspopup="true"
                className="nav-link dropdown-toggle"
                data-toggle="dropdown"
                href="#"
                id="navbarDropdown"
                role="button"
              >
                Dropdown
              </a>
              <div
                aria-labelledby="navbarDropdown"
                className="dropdown-menu"
              >
                <a
                  className="dropdown-item"
                  href="#"
                >
                  Action
                </a>
                <a
                  className="dropdown-item"
                  href="#"
                >
                  Another action
                </a>
                <div
                  className="dropdown-divider"
                />
                <a
                  className="dropdown-item"
                  href="#"
                >
                  Something else here
                </a>
              </div>
            </li>
            <li
              className="nav-item"
            >
              <a
                className="nav-link disabled"
                href="#"
              >
                Disabled
              </a>
            </li>
          </ul>
        </div>
      </nav>
    </Navbar>
    <PageLayout>
      <div
        className="page-layout"
      >
        <p>
          Page Layout
        </p>
      </div>
    </PageLayout>
  </div>
</App>
`;
