// Jest Snapshot v1, https://goo.gl/fbAQLP

exports[`<App /> matches the snapshot 1`] = `
<App>
  <div>
    <h1>
      Personal Blog
    </h1>
    <div
      className="selfie"
    />
    <p>
      Image and some text - pass snap test
    </p>
    <h2>
      A nice subtitle
    </h2>
  </div>
</App>
`;
