// Jest Snapshot v1, https://goo.gl/fbAQLP

exports[`<App /> matches the snapshot 1`] = `
<App>
  <div>
    <h1>
      Ben's App
    </h1>
    <Navbar>
      <div>
        <p>
          Navbar
        </p>
      </div>
    </Navbar>
    <PageLayout>
      <div
        className="page-layout"
      >
        <p>
          Page Layout
        </p>
      </div>
    </PageLayout>
  </div>
</App>
`;
