// Jest Snapshot v1, https://goo.gl/fbAQLP

exports[`<ProblemBox /> matches the snapshot 1`] = `
<ProblemBox
  problem="1 x 1"
>
  <styled.div>
    <StyledComponent
      forwardedComponent={
        Object {
          "$$typeof": Symbol(react.forward_ref),
          "attrs": Array [],
          "componentStyle": ComponentStyle {
            "componentId": "sc-bdVaJa",
            "isStatic": true,
            "lastClassName": "eQpKtj",
            "rules": Array [
              "
  border: 2px solid #3e3e3e;
",
            ],
          },
          "displayName": "styled.div",
          "foldedComponentIds": Array [],
          "render": [Function],
          "styledComponentId": "sc-bdVaJa",
          "target": "div",
          "toString": [Function],
          "warnTooManyClasses": [Function],
          "withComponent": [Function],
        }
      }
      forwardedRef={null}
    >
      <div
        className="sc-bdVaJa eQpKtj"
      >
        <styled.p>
          <StyledComponent
            forwardedComponent={
              Object {
                "$$typeof": Symbol(react.forward_ref),
                "attrs": Array [],
                "componentStyle": ComponentStyle {
                  "componentId": "sc-bwzfXH",
                  "isStatic": true,
                  "lastClassName": "bFdvvq",
                  "rules": Array [
                    "
  font-size: 40px;
  color: #3e3e3e;
  text-align: center;
  position: relative;
  top: 8px;
",
                  ],
                },
                "displayName": "styled.p",
                "foldedComponentIds": Array [],
                "render": [Function],
                "styledComponentId": "sc-bwzfXH",
                "target": "p",
                "toString": [Function],
                "warnTooManyClasses": [Function],
                "withComponent": [Function],
              }
            }
            forwardedRef={null}
          >
            <p
              className="sc-bwzfXH bFdvvq"
            >
              1 x 1
            </p>
          </StyledComponent>
        </styled.p>
      </div>
    </StyledComponent>
  </styled.div>
</ProblemBox>
`;
