// Jest Snapshot v1, https://goo.gl/fbAQLP

exports[`<Router /> matches the snapshot 1`] = `
<RouterContainer>
  <BrowserRouter>
    <Router
      history={
        Object {
          "action": "POP",
          "block": [Function],
          "createHref": [Function],
          "go": [Function],
          "goBack": [Function],
          "goForward": [Function],
          "length": 1,
          "listen": [Function],
          "location": Object {
            "hash": "",
            "pathname": "/",
            "search": "",
            "state": undefined,
          },
          "push": [Function],
          "replace": [Function],
        }
      }
    >
      <App
        age="39"
        name="Ben Grunfeld"
      >
        <h1>
          My name is 
          Ben Grunfeld
           and I am 
          37
           years old.
        </h1>
      </App>
    </Router>
  </BrowserRouter>
</RouterContainer>
`;
